<html>
<body>
<pre>
<h1>µVision Build Log</h1>
<h2>Tool Versions:</h2>
IDE-Version: ¦ÌVision V5.36.0.0
Copyright (C) 2021 ARM Ltd and ARM Germany GmbH. All rights reserved.
License Information: 1 1, 1, LIC=585FJ-UN6SI-Y84FK-Z954K-X0RQK-7JNBQ
 
Tool Versions:
Toolchain:       MDK-ARM Plus  Version: 5.36.0.0
Toolchain Path:  G:\Keil_v5\ARM\ARMCC\Bin
C Compiler:      Armcc.exe V5.06 update 7 (build 960)
Assembler:       Armasm.exe V5.06 update 7 (build 960)
Linker/Locator:  ArmLink.exe V5.06 update 7 (build 960)
Library Manager: ArmAr.exe V5.06 update 7 (build 960)
Hex Converter:   FromElf.exe V5.06 update 7 (build 960)
CPU DLL:         SARMCM3.DLL V5.36.0.0
Dialog DLL:      DCM.DLL V1.17.3.0
Target DLL:      STLink\ST-LINKIII-KEIL_SWO.dll V3.0.9.0
Dialog DLL:      TCM.DLL V1.53.0.0
 
<h2>Project:</h2>
G:\ATK_STUDY\CODE\TIMER\Projects\MDK-ARM\atk_f103.uvprojx
Project File Date:  05/20/2025

<h2>Output:</h2>
*** Using Compiler 'V5.06 update 7 (build 960)', folder: 'G:\Keil_v5\ARM\ARMCC\Bin'
Build target 'USART'
compiling usart_module.c...
compiling main.c...
compiling pcu_ccu_protocol.c...
..\..\Protocol\pcu_ccu_protocol.c(102): warning:  #177-D: variable "send_data_domain_frame"  was declared but never referenced
      UART_Frame_t send_data_domain_frame;
..\..\Protocol\pcu_ccu_protocol.c(105): warning:  #177-D: variable "payload_len"  was declared but never referenced
      uint16_t    payload_len    = 0;
..\..\Protocol\pcu_ccu_protocol.c: 2 warnings, 0 errors
linking...
Program Size: Code=10034 RO-data=430 RW-data=56 ZI-data=2280  
FromELF: creating hex file...
"..\..\Output\atk_f103.axf" - 0 Error(s), 2 Warning(s).

<h2>Software Packages used:</h2>

Package Vendor: Keil
                http://www.keil.com/pack/Keil.STM32F1xx_DFP.2.3.0.pack
                Keil.STM32F1xx_DFP.2.3.0
                STMicroelectronics STM32F1 Series Device Support, Drivers and Examples

<h2>Collection of Component include folders:</h2>
  G:\Keil_v5\Packs\Keil\STM32F1xx_DFP\2.3.0\Device\Include

<h2>Collection of Component Files used:</h2>
Build Time Elapsed:  00:00:04
</pre>
</body>
</html>
